I'm sorry, but errors were detected in your script. Please correct the
errors listed below, and try again.


File "game/script.rpy", line 328: expected ':' not found.
    label my_better_setup
                         ^

Ren'Py Version: Ren'Py 7.3.5.606
Tue Aug 18 03:20:48 2020
